// Jest Snapshot v1, https://goo.gl/fbAQLP

exports[`renders correctly survey detail screen 1`] = `
<View
  style={
    Object {
      "alignItems": "flex-start",
      "flex": 1,
      "flexDirection": "row",
      "flexWrap": "wrap",
      "width": "100%",
    }
  }
>
  <View
    style={
      Object {
        "flex": 1,
        "flexDirection": "column",
        "minWidth": "180px",
      }
    }
  >
    <View>
      <Text
        style={
          Object {
            "fontWeight": "bold",
            "textTransform": "capitalize",
          }
        }
      />
    </View>
    <View
      style={
        Object {
          "flex": 1,
          "justifyContent": "space-between",
          "padding": 5,
        }
      }
    >
      <View>
        <RCTScrollView
          data={Array []}
          disableVirtualization={false}
          getItem={[Function]}
          getItemCount={[Function]}
          horizontal={false}
          initialNumToRender={10}
          keyExtractor={[Function]}
          maxToRenderPerBatch={10}
          onContentSizeChange={[Function]}
          onEndReachedThreshold={0.5}
          onLayout={[Function]}
          onMomentumScrollEnd={[Function]}
          onScroll={[Function]}
          onScrollBeginDrag={[Function]}
          onScrollEndDrag={[Function]}
          removeClippedSubviews={false}
          renderItem={[Function]}
          scrollEventThrottle={50}
          stickyHeaderIndices={Array []}
          updateCellsBatchingPeriod={50}
          viewabilityConfigCallbackPairs={Array []}
          windowSize={21}
        >
          <View />
        </RCTScrollView>
      </View>
      <View
        style={
          Object {
            "margin": "4.25rem",
          }
        }
      />
      <View>
        <View
          style={
            Object {
              "backgroundColor": "",
              "borderBottomEndRadius": 50,
              "borderTopEndRadius": 50,
              "flex": 1,
              "flexDirection": "row",
              "padding": 5,
            }
          }
        >
          <Text
            onPress={[Function]}
            style={
              Object {
                "flex": 1,
                "fontSize": 16,
                "fontWeight": "bold",
              }
            }
          >
            +
          </Text>
          <Text
            style={
              Object {
                "flex": 8,
              }
            }
          >
            <Text
              onPress={[Function]}
              style={
                Object {
                  "fontWeight": "bold",
                }
              }
            >
               
               REPORTS
            </Text>
          </Text>
        </View>
        <View
          style={
            Object {
              "flexDirection": "row",
              "marginLeft": 15,
            }
          }
        />
      </View>
    </View>
  </View>
  <View
    style={
      Object {
        "flex": 6,
      }
    }
  >
    <View>
      <View
        style={
          Object {
            "borderColor": "#000000",
            "flexDirection": "row",
            "padding": 5,
            "width": "100%",
          }
        }
      />
      <View
        style={
          Object {
            "alignContent": "center",
            "alignItems": "center",
            "justifyContent": "center",
            "width": "100%",
          }
        }
      >
        <View
          style={
            Array [
              Object {
                "flexDirection": "row",
                "justifyContent": "center",
              },
              Object {
                "width": "100%",
              },
            ]
          }
        >
          <View
            style={
              Object {
                "alignContent": "space-around",
                "alignItems": "stretch",
                "display": "flex",
                "flexDirection": "row",
                "flexWrap": "wrap",
                "justifyContent": "space-between",
                "width": "100%",
              }
            }
          />
        </View>
      </View>
      <View
        style={
          Object {
            "flexDirection": "row",
            "justifyContent": "space-around",
            "minHeight": 300,
          }
        }
      >
        <View
          style={
            Object {
              "flexGrow": 1,
              "marginBottom": 10,
              "marginTop": 10,
              "maxWidth": 100,
            }
          }
        >
          <View
            accessibilityRole="button"
            accessibilityState={Object {}}
            accessible={true}
            focusable={true}
            onClick={[Function]}
            onResponderGrant={[Function]}
            onResponderMove={[Function]}
            onResponderRelease={[Function]}
            onResponderTerminate={[Function]}
            onResponderTerminationRequest={[Function]}
            onStartShouldSetResponder={[Function]}
            style={
              Object {
                "opacity": 1,
              }
            }
          >
            <View
              style={
                Array [
                  Object {},
                ]
              }
            >
              <Text
                disabled={false}
                style={
                  Array [
                    Object {
                      "color": "#007AFF",
                      "fontSize": 18,
                      "margin": 8,
                      "textAlign": "center",
                    },
                    Object {
                      "color": "green",
                    },
                  ]
                }
              >
                Previous
              </Text>
            </View>
          </View>
        </View>
        <View
          style={
            Object {
              "flexGrow": 1,
              "marginBottom": 10,
              "marginTop": 10,
              "maxWidth": 100,
            }
          }
        >
          <View
            accessibilityRole="button"
            accessibilityState={Object {}}
            accessible={true}
            focusable={true}
            onClick={[Function]}
            onResponderGrant={[Function]}
            onResponderMove={[Function]}
            onResponderRelease={[Function]}
            onResponderTerminate={[Function]}
            onResponderTerminationRequest={[Function]}
            onStartShouldSetResponder={[Function]}
            style={
              Object {
                "opacity": 1,
              }
            }
          >
            <View
              style={
                Array [
                  Object {},
                ]
              }
            >
              <Text
                disabled={false}
                style={
                  Array [
                    Object {
                      "color": "#007AFF",
                      "fontSize": 18,
                      "margin": 8,
                      "textAlign": "center",
                    },
                    Object {
                      "color": "green",
                    },
                  ]
                }
              >
                Complete / Submit
              </Text>
            </View>
          </View>
        </View>
        <View
          style={
            Object {
              "flexGrow": 1,
              "marginBottom": 10,
              "marginTop": 10,
              "maxWidth": 100,
            }
          }
        >
          <View
            accessibilityRole="button"
            accessibilityState={
              Object {
                "disabled": true,
              }
            }
            accessible={true}
            focusable={true}
            onClick={[Function]}
            onResponderGrant={[Function]}
            onResponderMove={[Function]}
            onResponderRelease={[Function]}
            onResponderTerminate={[Function]}
            onResponderTerminationRequest={[Function]}
            onStartShouldSetResponder={[Function]}
            style={
              Object {
                "opacity": 1,
              }
            }
          >
            <View
              style={
                Array [
                  Object {},
                  Object {},
                ]
              }
            >
              <Text
                disabled={true}
                style={
                  Array [
                    Object {
                      "color": "#007AFF",
                      "fontSize": 18,
                      "margin": 8,
                      "textAlign": "center",
                    },
                    Object {
                      "color": "green",
                    },
                    Object {
                      "color": "#cdcdcd",
                    },
                  ]
                }
              >
                Save
              </Text>
            </View>
          </View>
        </View>
        <View
          style={
            Object {
              "flexGrow": 1,
              "marginBottom": 10,
              "marginTop": 10,
              "maxWidth": 100,
            }
          }
        >
          <View
            accessibilityRole="button"
            accessibilityState={Object {}}
            accessible={true}
            focusable={true}
            onClick={[Function]}
            onResponderGrant={[Function]}
            onResponderMove={[Function]}
            onResponderRelease={[Function]}
            onResponderTerminate={[Function]}
            onResponderTerminationRequest={[Function]}
            onStartShouldSetResponder={[Function]}
            style={
              Object {
                "opacity": 1,
              }
            }
          >
            <View
              style={
                Array [
                  Object {},
                ]
              }
            >
              <Text
                disabled={false}
                style={
                  Array [
                    Object {
                      "color": "#007AFF",
                      "fontSize": 18,
                      "margin": 8,
                      "textAlign": "center",
                    },
                    Object {
                      "color": "green",
                    },
                  ]
                }
              >
                Next
              </Text>
            </View>
          </View>
        </View>
      </View>
    </View>
  </View>
</View>
`;
